// Jest Snapshot v1, https://goo.gl/fbAQLP

exports[`Testing VideoShow with redux VideoShow snapshot testing 1`] = `
<div>
  Loading
</div>
`;
